// Jest Snapshot v1, https://goo.gl/fbAQLP

exports[`QueryPage snapshot should match snapshot 1`] = `
<QueryPage>
  <div
    className="query-page"
  >
    <Header
      getMovies={[Function]}
      setQueryParam={[Function]}
      setQueryValue={[Function]}
    >
      <div
        className="header"
      >
        <div
          className="header__logo-wraper"
        >
          <img
            alt="logo"
            className="header__logo"
            src="http://via.placeholder.com/100x25"
          />
        </div>
        <div
          className="header__search-wraper"
        >
          <SearchComponentContainer
            className="header__search-component"
            getMovies={[Function]}
            setQueryParam={[Function]}
            setQueryValue={[Function]}
          >
            <SearchForm
              getMovies={[Function]}
              setQueryParam={[Function]}
              setQueryValue={[Function]}
            >
              <form
                className="search-form"
                onSubmit={[Function]}
              >
                <h2>
                  Find your movies
                </h2>
                <input
                  className="search-form__input"
                  id="fieldId"
                  name="search"
                  onChange={[Function]}
                  type="text"
                />
                <div
                  className="search-form__group"
                >
                  <div
                    className="search-form__filter"
                  >
                    <p
                      className="search-form__filter-title"
                    >
                      Search By
                    </p>
                    <input
                      className="search-form__filter-toggler search-form__filter-toggler--t"
                      defaultChecked={true}
                      id="title"
                      name="searchCriteria"
                      onClick={[Function]}
                      type="radio"
                      value="title"
                    />
                    <input
                      className="search-form__filter-toggler search-form__filter-toggler-g"
                      id="genre"
                      name="searchCriteria"
                      onClick={[Function]}
                      type="radio"
                      value="genres"
                    />
                  </div>
                  <input
                    className="search-button"
                    type="submit"
                    value="SEARCH"
                  />
                </div>
              </form>
            </SearchForm>
          </SearchComponentContainer>
        </div>
      </div>
    </Header>
    <ResultsContainer>
      <div
        className="results results--nodata"
      >
        <div
          className="results__filter-container"
        >
          <ResultsPane
            isData={false}
          >
            <div
              className="result-filter result-filter--nodata"
            />
          </ResultsPane>
        </div>
        <div
          className="results__list-container"
        >
          <ResultList>
            <div
              className="list"
            >
              <h2
                className="results__error"
              >
                No results
              </h2>
            </div>
          </ResultList>
        </div>
      </div>
    </ResultsContainer>
    <Footer>
      <footer
        className="footer"
      >
        <img
          alt="logo"
          className="footer__logo"
          src="http://via.placeholder.com/100x25"
        />
      </footer>
    </Footer>
  </div>
</QueryPage>
`;
