// Jest Snapshot v1, https://goo.gl/fbAQLP

exports[`ResultList snapshot test should match to prev snapshot 1`] = `
<ResultList
  data={
    Array [
      Object {
        "budget": 0,
        "genres": Array [
          "Mystery",
          "Thriller",
        ],
        "id": 412302,
        "poster_path": "https: //image.tmdb.org/t/p/w500/oIltQs7MPk7VQFG3DJfgC63mShU.jpg",
        "release_date": "2018-03-30",
        "revenue": 0,
        "runtime": 92,
        "tagline": "",
        "title": "Gemini",
        "vote_average": 10,
        "vote_count": 3,
      },
      Object {
        "budget": 0,
        "genres": Array [
          "Mystery",
          "Thriller",
        ],
        "id": 412301,
        "poster_path": "https: //image.tmdb.org/t/p/w500/oIltQs7MPk7VQFG3DJfgC63mShU.jpg",
        "release_date": "2018-03-30",
        "revenue": 0,
        "runtime": 92,
        "tagline": "",
        "title": "Gemini",
        "vote_average": 10,
        "vote_count": 3,
      },
    ]
  }
>
  <div
    className="list"
  >
    <div
      className="list__content"
    >
      <ListItem
        data={
          Object {
            "budget": 0,
            "genres": Array [
              "Mystery",
              "Thriller",
            ],
            "id": 412302,
            "poster_path": "https: //image.tmdb.org/t/p/w500/oIltQs7MPk7VQFG3DJfgC63mShU.jpg",
            "release_date": "2018-03-30",
            "revenue": 0,
            "runtime": 92,
            "tagline": "",
            "title": "Gemini",
            "vote_average": 10,
            "vote_count": 3,
          }
        }
        key="412302"
      >
        <div
          className="movie-card"
        >
          <img
            alt="Gemini poster"
            className="movie-card__image"
            src="https: //image.tmdb.org/t/p/w500/oIltQs7MPk7VQFG3DJfgC63mShU.jpg"
          />
          <div
            className="movie-card__description"
          >
            <p
              className="movie-card__title"
            >
              Gemini
            </p>
            <p
              className="year"
            >
              2018
            </p>
          </div>
          <p
            className="movie-card__genre"
          >
            Mystery
          </p>
        </div>
      </ListItem>
      <ListItem
        data={
          Object {
            "budget": 0,
            "genres": Array [
              "Mystery",
              "Thriller",
            ],
            "id": 412301,
            "poster_path": "https: //image.tmdb.org/t/p/w500/oIltQs7MPk7VQFG3DJfgC63mShU.jpg",
            "release_date": "2018-03-30",
            "revenue": 0,
            "runtime": 92,
            "tagline": "",
            "title": "Gemini",
            "vote_average": 10,
            "vote_count": 3,
          }
        }
        key="412301"
      >
        <div
          className="movie-card"
        >
          <img
            alt="Gemini poster"
            className="movie-card__image"
            src="https: //image.tmdb.org/t/p/w500/oIltQs7MPk7VQFG3DJfgC63mShU.jpg"
          />
          <div
            className="movie-card__description"
          >
            <p
              className="movie-card__title"
            >
              Gemini
            </p>
            <p
              className="year"
            >
              2018
            </p>
          </div>
          <p
            className="movie-card__genre"
          >
            Mystery
          </p>
        </div>
      </ListItem>
    </div>
  </div>
</ResultList>
`;
