// Jest Snapshot v1, https://goo.gl/fbAQLP

exports[`ResultsContainer snapshot should match snapshot 1`] = `
<ResultsContainer>
  <div
    className="results results--nodata"
  >
    <div
      className="results__filter-container"
    >
      <ResultsPane
        isData={false}
      >
        <div
          className="result-filter result-filter--nodata"
        />
      </ResultsPane>
    </div>
    <div
      className="results__list-container"
    >
      <ResultList>
        <div
          className="list"
        >
          <h2
            className="results__error"
          >
            No results
          </h2>
        </div>
      </ResultList>
    </div>
  </div>
</ResultsContainer>
`;
